// Jest Snapshot v1, https://goo.gl/fbAQLP

exports[`DoneList component renders correctly 1`] = `
Array [
  <div
    className="response"
  >
    <div
      className="done-elt"
    >
      todo1
    </div>
  </div>,
  <div
    className="response"
  >
    <div
      className="done-elt"
    >
      todo 2
    </div>
  </div>,
  <div
    className="response"
  >
    <div
      className="done-elt"
    >
      todo 3
    </div>
  </div>,
]
`;
