// Jest Snapshot v1, https://goo.gl/fbAQLP

exports[`TodoList component renders correctly 1`] = `
<div>
  <div
    className="response"
  >
    <div
      className="element"
    >
      item 1
    </div>
    <div
      className="check"
    >
      <input
        onClick={[Function]}
        type="checkbox"
      />
    </div>
  </div>
  <div
    className="response"
  >
    <div
      className="element"
    >
      item 2
    </div>
    <div
      className="check"
    >
      <input
        onClick={[Function]}
        type="checkbox"
      />
    </div>
  </div>
</div>
`;
